[debug] [2025-11-27T05:22:24.515Z] ----------------------------------------------------------------------
[debug] [2025-11-27T05:22:24.518Z] Command:       C:\Program Files\nodejs\node.exe C:\Users\USER\AppData\Roaming\npm\node_modules\firebase-tools\lib\bin\firebase.js deploy --only functions
[debug] [2025-11-27T05:22:24.519Z] CLI Version:   14.26.0
[debug] [2025-11-27T05:22:24.519Z] Platform:      win32
[debug] [2025-11-27T05:22:24.519Z] Node Version:  v22.18.0
[debug] [2025-11-27T05:22:24.520Z] Time:          Thu Nov 27 2025 14:22:24 GMT+0900 (대한민국 표준시)
[debug] [2025-11-27T05:22:24.520Z] ----------------------------------------------------------------------
[debug] 
[debug] [2025-11-27T05:22:24.713Z] > command requires scopes: ["email","openid","https://www.googleapis.com/auth/cloudplatformprojects.readonly","https://www.googleapis.com/auth/firebase","https://www.googleapis.com/auth/cloud-platform"]
[debug] [2025-11-27T05:22:24.713Z] > authorizing via signed-in user (cutiefunny@gmail.com)
[debug] [2025-11-27T05:22:24.713Z] [iam] checking project daehwajang-7c6a8 for permissions ["cloudfunctions.functions.create","cloudfunctions.functions.delete","cloudfunctions.functions.get","cloudfunctions.functions.list","cloudfunctions.functions.update","cloudfunctions.operations.get","firebase.projects.get"]
[debug] [2025-11-27T05:22:24.714Z] Checked if tokens are valid: true, expires at: 1764224158955
[debug] [2025-11-27T05:22:24.714Z] Checked if tokens are valid: true, expires at: 1764224158955
[debug] [2025-11-27T05:22:24.715Z] >>> [apiv2][query] POST https://cloudresourcemanager.googleapis.com/v1/projects/daehwajang-7c6a8:testIamPermissions [none]
[debug] [2025-11-27T05:22:24.715Z] >>> [apiv2][(partial)header] POST https://cloudresourcemanager.googleapis.com/v1/projects/daehwajang-7c6a8:testIamPermissions x-goog-quota-user=projects/daehwajang-7c6a8
[debug] [2025-11-27T05:22:24.715Z] >>> [apiv2][body] POST https://cloudresourcemanager.googleapis.com/v1/projects/daehwajang-7c6a8:testIamPermissions {"permissions":["cloudfunctions.functions.create","cloudfunctions.functions.delete","cloudfunctions.functions.get","cloudfunctions.functions.list","cloudfunctions.functions.update","cloudfunctions.operations.get","firebase.projects.get"]}
[debug] [2025-11-27T05:22:25.070Z] <<< [apiv2][status] POST https://cloudresourcemanager.googleapis.com/v1/projects/daehwajang-7c6a8:testIamPermissions 200
[debug] [2025-11-27T05:22:25.071Z] <<< [apiv2][body] POST https://cloudresourcemanager.googleapis.com/v1/projects/daehwajang-7c6a8:testIamPermissions {"permissions":["cloudfunctions.functions.create","cloudfunctions.functions.delete","cloudfunctions.functions.get","cloudfunctions.functions.list","cloudfunctions.functions.update","cloudfunctions.operations.get","firebase.projects.get"]}
[debug] [2025-11-27T05:22:25.071Z] Checked if tokens are valid: true, expires at: 1764224158955
[debug] [2025-11-27T05:22:25.071Z] Checked if tokens are valid: true, expires at: 1764224158955
[debug] [2025-11-27T05:22:25.071Z] >>> [apiv2][query] POST https://iam.googleapis.com/v1/projects/daehwajang-7c6a8/serviceAccounts/daehwajang-7c6a8@appspot.gserviceaccount.com:testIamPermissions [none]
[debug] [2025-11-27T05:22:25.071Z] >>> [apiv2][body] POST https://iam.googleapis.com/v1/projects/daehwajang-7c6a8/serviceAccounts/daehwajang-7c6a8@appspot.gserviceaccount.com:testIamPermissions {"permissions":["iam.serviceAccounts.actAs"]}
[debug] [2025-11-27T05:22:26.078Z] <<< [apiv2][status] POST https://iam.googleapis.com/v1/projects/daehwajang-7c6a8/serviceAccounts/daehwajang-7c6a8@appspot.gserviceaccount.com:testIamPermissions 200
[debug] [2025-11-27T05:22:26.079Z] <<< [apiv2][body] POST https://iam.googleapis.com/v1/projects/daehwajang-7c6a8/serviceAccounts/daehwajang-7c6a8@appspot.gserviceaccount.com:testIamPermissions {"permissions":["iam.serviceAccounts.actAs"]}
[info] 
[info] === Deploying to 'daehwajang-7c6a8'...
[info] 
[info] i  deploying functions 
[debug] [2025-11-27T05:22:26.085Z] Checked if tokens are valid: true, expires at: 1764224158955
[debug] [2025-11-27T05:22:26.085Z] Checked if tokens are valid: true, expires at: 1764224158955
[debug] [2025-11-27T05:22:26.085Z] >>> [apiv2][query] GET https://cloudresourcemanager.googleapis.com/v1/projects/daehwajang-7c6a8 [none]
[debug] [2025-11-27T05:22:26.298Z] <<< [apiv2][status] GET https://cloudresourcemanager.googleapis.com/v1/projects/daehwajang-7c6a8 200
[debug] [2025-11-27T05:22:26.298Z] <<< [apiv2][body] GET https://cloudresourcemanager.googleapis.com/v1/projects/daehwajang-7c6a8 {"projectNumber":"346416165614","projectId":"daehwajang-7c6a8","lifecycleState":"ACTIVE","name":"daehwajang","labels":{"firebase":"enabled","firebase-core":"disabled"},"createTime":"2025-11-23T14:18:13.595527Z"}
[info] i  functions: preparing codebase default for deployment 
[info] i  functions: ensuring required API cloudfunctions.googleapis.com is enabled... 
[info] i  functions: ensuring required API cloudbuild.googleapis.com is enabled... 
[info] i  artifactregistry: ensuring required API artifactregistry.googleapis.com is enabled... 
[debug] [2025-11-27T05:22:26.302Z] Checked if tokens are valid: true, expires at: 1764224158955
[debug] [2025-11-27T05:22:26.303Z] Checked if tokens are valid: true, expires at: 1764224158955
[debug] [2025-11-27T05:22:26.303Z] >>> [apiv2][query] GET https://firebase.googleapis.com/v1beta1/projects/daehwajang-7c6a8/adminSdkConfig [none]
[debug] [2025-11-27T05:22:26.933Z] <<< [apiv2][status] GET https://firebase.googleapis.com/v1beta1/projects/daehwajang-7c6a8/adminSdkConfig 200
[debug] [2025-11-27T05:22:26.933Z] <<< [apiv2][body] GET https://firebase.googleapis.com/v1beta1/projects/daehwajang-7c6a8/adminSdkConfig {"projectId":"daehwajang-7c6a8","storageBucket":"daehwajang-7c6a8.firebasestorage.app"}
[debug] [2025-11-27T05:22:26.935Z] Validating nodejs source
[debug] [2025-11-27T05:22:27.693Z] > [functions] package.json contents: {
  "name": "functions",
  "description": "Cloud Functions for Firebase",
  "scripts": {
    "serve": "firebase emulators:start --only functions",
    "shell": "firebase functions:shell",
    "start": "npm run shell",
    "deploy": "firebase deploy --only functions",
    "logs": "firebase functions:log"
  },
  "engines": {
    "node": "22"
  },
  "main": "index.js",
  "dependencies": {
    "firebase-admin": "^13.6.0",
    "firebase-functions": "^7.0.0"
  },
  "devDependencies": {
    "firebase-functions-test": "^3.1.0"
  },
  "private": true
}
[debug] [2025-11-27T05:22:27.693Z] Building nodejs source
[info] i  functions: Loading and analyzing source code for codebase default to determine what to deploy 
[debug] [2025-11-27T05:22:27.694Z] Could not find functions.yaml. Must use http discovery
[debug] [2025-11-27T05:22:27.700Z] Found firebase-functions binary at 'C:\project\daehwajang\functions\node_modules\.bin\firebase-functions'
[info] Serving at port 8199

[debug] [2025-11-27T05:22:28.271Z] Got response from /__/functions.yaml {"endpoints":{"sendPushNotification":{"availableMemoryMb":null,"timeoutSeconds":null,"minInstances":null,"maxInstances":null,"ingressSettings":null,"concurrency":null,"serviceAccountEmail":null,"vpc":null,"platform":"gcfv2","labels":{},"eventTrigger":{"eventType":"google.cloud.firestore.document.v1.created","eventFilters":{"database":"(default)","namespace":"(default)"},"eventFilterPathPatterns":{"document":"notifications/{notificationId}"},"retry":false},"entryPoint":"sendPushNotification"}},"specVersion":"v1alpha1","requiredAPIs":[],"extensions":{}}
[info] i  extensions: ensuring required API firebaseextensions.googleapis.com is enabled... 
[debug] [2025-11-27T05:22:32.317Z] Checked if tokens are valid: true, expires at: 1764224158955
[debug] [2025-11-27T05:22:32.317Z] Checked if tokens are valid: true, expires at: 1764224158955
[debug] [2025-11-27T05:22:32.317Z] >>> [apiv2][query] GET https://serviceusage.googleapis.com/v1/projects/daehwajang-7c6a8/services/firebaseextensions.googleapis.com [none]
[debug] [2025-11-27T05:22:32.317Z] >>> [apiv2][(partial)header] GET https://serviceusage.googleapis.com/v1/projects/daehwajang-7c6a8/services/firebaseextensions.googleapis.com x-goog-quota-user=projects/daehwajang-7c6a8
[debug] [2025-11-27T05:22:33.774Z] <<< [apiv2][status] GET https://serviceusage.googleapis.com/v1/projects/daehwajang-7c6a8/services/firebaseextensions.googleapis.com 200
[debug] [2025-11-27T05:22:33.775Z] <<< [apiv2][body] GET https://serviceusage.googleapis.com/v1/projects/daehwajang-7c6a8/services/firebaseextensions.googleapis.com [omitted]
[warn] !  extensions: missing required API firebaseextensions.googleapis.com. Enabling now... 
[debug] [2025-11-27T05:22:33.777Z] Checked if tokens are valid: true, expires at: 1764224158955
[debug] [2025-11-27T05:22:33.777Z] Checked if tokens are valid: true, expires at: 1764224158955
[debug] [2025-11-27T05:22:33.777Z] >>> [apiv2][query] POST https://serviceusage.googleapis.com/v1/projects/daehwajang-7c6a8/services/firebaseextensions.googleapis.com:enable [none]
[debug] [2025-11-27T05:22:33.777Z] >>> [apiv2][(partial)header] POST https://serviceusage.googleapis.com/v1/projects/daehwajang-7c6a8/services/firebaseextensions.googleapis.com:enable x-goog-quota-user=projects/daehwajang-7c6a8
[debug] [2025-11-27T05:22:34.826Z] <<< [apiv2][status] POST https://serviceusage.googleapis.com/v1/projects/daehwajang-7c6a8/services/firebaseextensions.googleapis.com:enable 200
[debug] [2025-11-27T05:22:34.827Z] <<< [apiv2][body] POST https://serviceusage.googleapis.com/v1/projects/daehwajang-7c6a8/services/firebaseextensions.googleapis.com:enable [omitted]
[debug] [2025-11-27T05:22:44.866Z] > command requires scopes: ["email","openid","https://www.googleapis.com/auth/cloudplatformprojects.readonly","https://www.googleapis.com/auth/firebase","https://www.googleapis.com/auth/cloud-platform"]
[debug] [2025-11-27T05:22:44.867Z] > authorizing via signed-in user (cutiefunny@gmail.com)
[debug] [2025-11-27T05:22:44.867Z] [iam] checking project daehwajang-7c6a8 for permissions ["firebase.projects.get","firebaseextensions.instances.list"]
[debug] [2025-11-27T05:22:44.867Z] Checked if tokens are valid: true, expires at: 1764224158955
[debug] [2025-11-27T05:22:44.867Z] Checked if tokens are valid: true, expires at: 1764224158955
[debug] [2025-11-27T05:22:44.867Z] >>> [apiv2][query] POST https://cloudresourcemanager.googleapis.com/v1/projects/daehwajang-7c6a8:testIamPermissions [none]
[debug] [2025-11-27T05:22:44.867Z] >>> [apiv2][(partial)header] POST https://cloudresourcemanager.googleapis.com/v1/projects/daehwajang-7c6a8:testIamPermissions x-goog-quota-user=projects/daehwajang-7c6a8
[debug] [2025-11-27T05:22:44.867Z] >>> [apiv2][body] POST https://cloudresourcemanager.googleapis.com/v1/projects/daehwajang-7c6a8:testIamPermissions {"permissions":["firebase.projects.get","firebaseextensions.instances.list"]}
[debug] [2025-11-27T05:22:45.096Z] <<< [apiv2][status] POST https://cloudresourcemanager.googleapis.com/v1/projects/daehwajang-7c6a8:testIamPermissions 200
[debug] [2025-11-27T05:22:45.097Z] <<< [apiv2][body] POST https://cloudresourcemanager.googleapis.com/v1/projects/daehwajang-7c6a8:testIamPermissions {"permissions":["firebase.projects.get","firebaseextensions.instances.list"]}
[debug] [2025-11-27T05:22:45.097Z] Checked if tokens are valid: true, expires at: 1764224158955
[debug] [2025-11-27T05:22:45.097Z] Checked if tokens are valid: true, expires at: 1764224158955
[debug] [2025-11-27T05:22:45.098Z] >>> [apiv2][query] GET https://firebaseextensions.googleapis.com/v1beta/projects/daehwajang-7c6a8/instances pageSize=100&pageToken=
[debug] [2025-11-27T05:22:47.131Z] <<< [apiv2][status] GET https://firebaseextensions.googleapis.com/v1beta/projects/daehwajang-7c6a8/instances 200
[debug] [2025-11-27T05:22:47.132Z] <<< [apiv2][body] GET https://firebaseextensions.googleapis.com/v1beta/projects/daehwajang-7c6a8/instances {}
[info] i  functions: preparing functions directory for uploading... 
[info] i  functions: packaged C:\project\daehwajang\functions (69.03 KB) for uploading 
[debug] [2025-11-27T05:22:47.226Z] Checked if tokens are valid: true, expires at: 1764224158955
[debug] [2025-11-27T05:22:47.226Z] Checked if tokens are valid: true, expires at: 1764224158955
[debug] [2025-11-27T05:22:47.227Z] >>> [apiv2][query] GET https://cloudfunctions.googleapis.com/v1/projects/daehwajang-7c6a8/locations/-/functions [none]
[debug] [2025-11-27T05:22:48.145Z] <<< [apiv2][status] GET https://cloudfunctions.googleapis.com/v1/projects/daehwajang-7c6a8/locations/-/functions 200
[debug] [2025-11-27T05:22:48.145Z] <<< [apiv2][body] GET https://cloudfunctions.googleapis.com/v1/projects/daehwajang-7c6a8/locations/-/functions {}
[debug] [2025-11-27T05:22:48.146Z] Checked if tokens are valid: true, expires at: 1764224158955
[debug] [2025-11-27T05:22:48.147Z] Checked if tokens are valid: true, expires at: 1764224158955
[debug] [2025-11-27T05:22:48.147Z] >>> [apiv2][query] GET https://cloudfunctions.googleapis.com/v2/projects/daehwajang-7c6a8/locations/-/functions filter=environment%3D%22GEN_2%22
[debug] [2025-11-27T05:22:49.546Z] <<< [apiv2][status] GET https://cloudfunctions.googleapis.com/v2/projects/daehwajang-7c6a8/locations/-/functions 200
[debug] [2025-11-27T05:22:49.546Z] <<< [apiv2][body] GET https://cloudfunctions.googleapis.com/v2/projects/daehwajang-7c6a8/locations/-/functions {}
[debug] [2025-11-27T05:22:49.548Z] Checked if tokens are valid: true, expires at: 1764224158955
[debug] [2025-11-27T05:22:49.548Z] Checked if tokens are valid: true, expires at: 1764224158955
[debug] [2025-11-27T05:22:49.548Z] >>> [apiv2][query] GET https://firestore.googleapis.com/v1/projects/daehwajang-7c6a8/databases/(default) [none]
[debug] [2025-11-27T05:22:49.707Z] <<< [apiv2][status] GET https://firestore.googleapis.com/v1/projects/daehwajang-7c6a8/databases/(default) 200
[debug] [2025-11-27T05:22:49.707Z] <<< [apiv2][body] GET https://firestore.googleapis.com/v1/projects/daehwajang-7c6a8/databases/(default) {"name":"projects/daehwajang-7c6a8/databases/(default)","uid":"e220e081-a9fb-4532-aeaf-e4e57c2e70af","createTime":"2025-11-23T14:24:00.821193Z","updateTime":"2025-11-23T14:24:00.821193Z","locationId":"asia-northeast3","type":"FIRESTORE_NATIVE","concurrencyMode":"PESSIMISTIC","versionRetentionPeriod":"3600s","earliestVersionTime":"2025-11-27T04:22:49.783431Z","appEngineIntegrationMode":"DISABLED","keyPrefix":"v","pointInTimeRecoveryEnablement":"POINT_IN_TIME_RECOVERY_DISABLED","deleteProtectionState":"DELETE_PROTECTION_DISABLED","databaseEdition":"STANDARD","freeTier":true,"realtimeUpdatesMode":"REALTIME_UPDATES_MODE_ENABLED","etag":"IJad1qHLkZEDMOndxYHTiZED"}
[info] i  functions: ensuring required API run.googleapis.com is enabled... 
[debug] [2025-11-27T05:22:49.710Z] Checked if tokens are valid: true, expires at: 1764224158955
[debug] [2025-11-27T05:22:49.710Z] Checked if tokens are valid: true, expires at: 1764224158955
[info] i  functions: ensuring required API eventarc.googleapis.com is enabled... 
[debug] [2025-11-27T05:22:49.711Z] Checked if tokens are valid: true, expires at: 1764224158955
[debug] [2025-11-27T05:22:49.711Z] Checked if tokens are valid: true, expires at: 1764224158955
[info] i  functions: ensuring required API pubsub.googleapis.com is enabled... 
[debug] [2025-11-27T05:22:49.712Z] Checked if tokens are valid: true, expires at: 1764224158955
[debug] [2025-11-27T05:22:49.712Z] Checked if tokens are valid: true, expires at: 1764224158955
[info] i  functions: ensuring required API storage.googleapis.com is enabled... 
[debug] [2025-11-27T05:22:49.713Z] Checked if tokens are valid: true, expires at: 1764224158955
[debug] [2025-11-27T05:22:49.713Z] Checked if tokens are valid: true, expires at: 1764224158955
[debug] [2025-11-27T05:22:49.713Z] >>> [apiv2][query] GET https://serviceusage.googleapis.com/v1/projects/346416165614/services/run.googleapis.com [none]
[debug] [2025-11-27T05:22:49.713Z] >>> [apiv2][(partial)header] GET https://serviceusage.googleapis.com/v1/projects/346416165614/services/run.googleapis.com x-goog-quota-user=projects/346416165614
[debug] [2025-11-27T05:22:49.715Z] >>> [apiv2][query] GET https://serviceusage.googleapis.com/v1/projects/346416165614/services/eventarc.googleapis.com [none]
[debug] [2025-11-27T05:22:49.716Z] >>> [apiv2][(partial)header] GET https://serviceusage.googleapis.com/v1/projects/346416165614/services/eventarc.googleapis.com x-goog-quota-user=projects/346416165614
[debug] [2025-11-27T05:22:49.719Z] >>> [apiv2][query] GET https://serviceusage.googleapis.com/v1/projects/346416165614/services/pubsub.googleapis.com [none]
[debug] [2025-11-27T05:22:49.719Z] >>> [apiv2][(partial)header] GET https://serviceusage.googleapis.com/v1/projects/346416165614/services/pubsub.googleapis.com x-goog-quota-user=projects/346416165614
[debug] [2025-11-27T05:22:49.720Z] >>> [apiv2][query] GET https://serviceusage.googleapis.com/v1/projects/346416165614/services/storage.googleapis.com [none]
[debug] [2025-11-27T05:22:49.721Z] >>> [apiv2][(partial)header] GET https://serviceusage.googleapis.com/v1/projects/346416165614/services/storage.googleapis.com x-goog-quota-user=projects/346416165614
[debug] [2025-11-27T05:22:50.738Z] <<< [apiv2][status] GET https://serviceusage.googleapis.com/v1/projects/346416165614/services/eventarc.googleapis.com 200
[debug] [2025-11-27T05:22:50.739Z] <<< [apiv2][body] GET https://serviceusage.googleapis.com/v1/projects/346416165614/services/eventarc.googleapis.com [omitted]
[warn] !  functions: missing required API eventarc.googleapis.com. Enabling now... 
[debug] [2025-11-27T05:22:50.739Z] Checked if tokens are valid: true, expires at: 1764224158955
[debug] [2025-11-27T05:22:50.740Z] Checked if tokens are valid: true, expires at: 1764224158955
[debug] [2025-11-27T05:22:50.740Z] >>> [apiv2][query] POST https://serviceusage.googleapis.com/v1/projects/346416165614/services/eventarc.googleapis.com:enable [none]
[debug] [2025-11-27T05:22:50.740Z] >>> [apiv2][(partial)header] POST https://serviceusage.googleapis.com/v1/projects/346416165614/services/eventarc.googleapis.com:enable x-goog-quota-user=projects/346416165614
[debug] [2025-11-27T05:22:50.762Z] <<< [apiv2][status] GET https://serviceusage.googleapis.com/v1/projects/346416165614/services/storage.googleapis.com 200
[debug] [2025-11-27T05:22:50.762Z] <<< [apiv2][body] GET https://serviceusage.googleapis.com/v1/projects/346416165614/services/storage.googleapis.com [omitted]
[info] +  functions: required API storage.googleapis.com is enabled 
[debug] [2025-11-27T05:22:50.793Z] <<< [apiv2][status] GET https://serviceusage.googleapis.com/v1/projects/346416165614/services/run.googleapis.com 200
[debug] [2025-11-27T05:22:50.794Z] <<< [apiv2][body] GET https://serviceusage.googleapis.com/v1/projects/346416165614/services/run.googleapis.com [omitted]
[warn] !  functions: missing required API run.googleapis.com. Enabling now... 
[debug] [2025-11-27T05:22:50.794Z] Checked if tokens are valid: true, expires at: 1764224158955
[debug] [2025-11-27T05:22:50.794Z] Checked if tokens are valid: true, expires at: 1764224158955
[debug] [2025-11-27T05:22:50.795Z] >>> [apiv2][query] POST https://serviceusage.googleapis.com/v1/projects/346416165614/services/run.googleapis.com:enable [none]
[debug] [2025-11-27T05:22:50.795Z] >>> [apiv2][(partial)header] POST https://serviceusage.googleapis.com/v1/projects/346416165614/services/run.googleapis.com:enable x-goog-quota-user=projects/346416165614
[debug] [2025-11-27T05:22:50.796Z] <<< [apiv2][status] GET https://serviceusage.googleapis.com/v1/projects/346416165614/services/pubsub.googleapis.com 200
[debug] [2025-11-27T05:22:50.797Z] <<< [apiv2][body] GET https://serviceusage.googleapis.com/v1/projects/346416165614/services/pubsub.googleapis.com [omitted]
[info] +  functions: required API pubsub.googleapis.com is enabled 
[debug] [2025-11-27T05:22:51.255Z] <<< [apiv2][status] POST https://serviceusage.googleapis.com/v1/projects/346416165614/services/run.googleapis.com:enable 200
[debug] [2025-11-27T05:22:51.255Z] <<< [apiv2][body] POST https://serviceusage.googleapis.com/v1/projects/346416165614/services/run.googleapis.com:enable [omitted]
[debug] [2025-11-27T05:22:51.740Z] <<< [apiv2][status] POST https://serviceusage.googleapis.com/v1/projects/346416165614/services/eventarc.googleapis.com:enable 200
[debug] [2025-11-27T05:22:51.740Z] <<< [apiv2][body] POST https://serviceusage.googleapis.com/v1/projects/346416165614/services/eventarc.googleapis.com:enable [omitted]
[info] i  functions: generating the service identity for pubsub.googleapis.com... 
[debug] [2025-11-27T05:23:01.772Z] Checked if tokens are valid: true, expires at: 1764224158955
[debug] [2025-11-27T05:23:01.772Z] Checked if tokens are valid: true, expires at: 1764224158955
[info] i  functions: generating the service identity for eventarc.googleapis.com... 
[debug] [2025-11-27T05:23:01.773Z] Checked if tokens are valid: true, expires at: 1764224158955
[debug] [2025-11-27T05:23:01.773Z] Checked if tokens are valid: true, expires at: 1764224158955
[debug] [2025-11-27T05:23:01.773Z] >>> [apiv2][query] POST https://serviceusage.googleapis.com/v1beta1/projects/346416165614/services/pubsub.googleapis.com:generateServiceIdentity [none]
[debug] [2025-11-27T05:23:01.773Z] >>> [apiv2][(partial)header] POST https://serviceusage.googleapis.com/v1beta1/projects/346416165614/services/pubsub.googleapis.com:generateServiceIdentity x-goog-quota-user=projects/346416165614
[debug] [2025-11-27T05:23:01.773Z] >>> [apiv2][body] POST https://serviceusage.googleapis.com/v1beta1/projects/346416165614/services/pubsub.googleapis.com:generateServiceIdentity {}
[debug] [2025-11-27T05:23:01.776Z] >>> [apiv2][query] POST https://serviceusage.googleapis.com/v1beta1/projects/346416165614/services/eventarc.googleapis.com:generateServiceIdentity [none]
[debug] [2025-11-27T05:23:01.776Z] >>> [apiv2][(partial)header] POST https://serviceusage.googleapis.com/v1beta1/projects/346416165614/services/eventarc.googleapis.com:generateServiceIdentity x-goog-quota-user=projects/346416165614
[debug] [2025-11-27T05:23:01.776Z] >>> [apiv2][body] POST https://serviceusage.googleapis.com/v1beta1/projects/346416165614/services/eventarc.googleapis.com:generateServiceIdentity {}
[debug] [2025-11-27T05:23:03.205Z] <<< [apiv2][status] POST https://serviceusage.googleapis.com/v1beta1/projects/346416165614/services/pubsub.googleapis.com:generateServiceIdentity 200
[debug] [2025-11-27T05:23:03.205Z] <<< [apiv2][body] POST https://serviceusage.googleapis.com/v1beta1/projects/346416165614/services/pubsub.googleapis.com:generateServiceIdentity {"name":"operations/finished.DONE_OPERATION","done":true,"response":{"@type":"type.googleapis.com/google.api.serviceusage.v1beta1.ServiceIdentity","email":"service-346416165614@gcp-sa-pubsub.iam.gserviceaccount.com","uniqueId":"112430529005462315892"}}
[debug] [2025-11-27T05:23:03.206Z] <<< [apiv2][status] POST https://serviceusage.googleapis.com/v1beta1/projects/346416165614/services/eventarc.googleapis.com:generateServiceIdentity 200
[debug] [2025-11-27T05:23:03.207Z] <<< [apiv2][body] POST https://serviceusage.googleapis.com/v1beta1/projects/346416165614/services/eventarc.googleapis.com:generateServiceIdentity {"name":"operations/finished.DONE_OPERATION","done":true,"response":{"@type":"type.googleapis.com/google.api.serviceusage.v1beta1.ServiceIdentity","email":"service-346416165614@gcp-sa-eventarc.iam.gserviceaccount.com","uniqueId":"103093772156957419747"}}
[debug] [2025-11-27T05:23:03.209Z] Checked if tokens are valid: true, expires at: 1764224158955
[debug] [2025-11-27T05:23:03.210Z] Checked if tokens are valid: true, expires at: 1764224158955
[debug] [2025-11-27T05:23:03.210Z] >>> [apiv2][query] GET https://compute.googleapis.com/compute/v1/projects/346416165614 [none]
[debug] [2025-11-27T05:23:03.673Z] <<< [apiv2][status] GET https://compute.googleapis.com/compute/v1/projects/346416165614 403
[debug] [2025-11-27T05:23:03.674Z] <<< [apiv2][body] GET https://compute.googleapis.com/compute/v1/projects/346416165614 {"error":{"code":403,"message":"Compute Engine API has not been used in project 346416165614 before or it is disabled. Enable it by visiting https://console.developers.google.com/apis/api/compute.googleapis.com/overview?project=346416165614 then retry. If you enabled this API recently, wait a few minutes for the action to propagate to our systems and retry.","errors":[{"message":"Compute Engine API has not been used in project 346416165614 before or it is disabled. Enable it by visiting https://console.developers.google.com/apis/api/compute.googleapis.com/overview?project=346416165614 then retry. If you enabled this API recently, wait a few minutes for the action to propagate to our systems and retry.","domain":"usageLimits","reason":"accessNotConfigured","extendedHelp":"https://console.developers.google.com"}],"status":"PERMISSION_DENIED","details":[{"@type":"type.googleapis.com/google.rpc.ErrorInfo","reason":"SERVICE_DISABLED","domain":"googleapis.com","metadata":{"activationUrl":"https://console.developers.google.com/apis/api/compute.googleapis.com/overview?project=346416165614","serviceTitle":"Compute Engine API","containerInfo":"346416165614","consumer":"projects/346416165614","service":"compute.googleapis.com"}},{"@type":"type.googleapis.com/google.rpc.LocalizedMessage","locale":"en-US","message":"Compute Engine API has not been used in project 346416165614 before or it is disabled. Enable it by visiting https://console.developers.google.com/apis/api/compute.googleapis.com/overview?project=346416165614 then retry. If you enabled this API recently, wait a few minutes for the action to propagate to our systems and retry."},{"@type":"type.googleapis.com/google.rpc.Help","links":[{"description":"Google developers console API activation","url":"https://console.developers.google.com/apis/api/compute.googleapis.com/overview?project=346416165614"}]}]}}
[debug] [2025-11-27T05:23:03.675Z] unable to look up default compute service account. Falling back to 346416165614-compute@developer.gserviceaccount.com. Error: {"name":"FirebaseError","children":[],"context":{"body":{"error":{"code":403,"message":"Compute Engine API has not been used in project 346416165614 before or it is disabled. Enable it by visiting https://console.developers.google.com/apis/api/compute.googleapis.com/overview?project=346416165614 then retry. If you enabled this API recently, wait a few minutes for the action to propagate to our systems and retry.","errors":[{"message":"Compute Engine API has not been used in project 346416165614 before or it is disabled. Enable it by visiting https://console.developers.google.com/apis/api/compute.googleapis.com/overview?project=346416165614 then retry. If you enabled this API recently, wait a few minutes for the action to propagate to our systems and retry.","domain":"usageLimits","reason":"accessNotConfigured","extendedHelp":"https://console.developers.google.com"}],"status":"PERMISSION_DENIED","details":[{"@type":"type.googleapis.com/google.rpc.ErrorInfo","reason":"SERVICE_DISABLED","domain":"googleapis.com","metadata":{"activationUrl":"https://console.developers.google.com/apis/api/compute.googleapis.com/overview?project=346416165614","serviceTitle":"Compute Engine API","containerInfo":"346416165614","consumer":"projects/346416165614","service":"compute.googleapis.com"}},{"@type":"type.googleapis.com/google.rpc.LocalizedMessage","locale":"en-US","message":"Compute Engine API has not been used in project 346416165614 before or it is disabled. Enable it by visiting https://console.developers.google.com/apis/api/compute.googleapis.com/overview?project=346416165614 then retry. If you enabled this API recently, wait a few minutes for the action to propagate to our systems and retry."},{"@type":"type.googleapis.com/google.rpc.Help","links":[{"description":"Google developers console API activation","url":"https://console.developers.google.com/apis/api/compute.googleapis.com/overview?project=346416165614"}]}]}},"response":{"statusCode":403}},"exit":1,"message":"Request to https://compute.googleapis.com/compute/v1/projects/346416165614 had HTTP Error: 403, Compute Engine API has not been used in project 346416165614 before or it is disabled. Enable it by visiting https://console.developers.google.com/apis/api/compute.googleapis.com/overview?project=346416165614 then retry. If you enabled this API recently, wait a few minutes for the action to propagate to our systems and retry.","status":403}
[debug] [2025-11-27T05:23:03.676Z] Checked if tokens are valid: true, expires at: 1764224158955
[debug] [2025-11-27T05:23:03.676Z] Checked if tokens are valid: true, expires at: 1764224158955
[debug] [2025-11-27T05:23:03.676Z] >>> [apiv2][query] POST https://cloudresourcemanager.googleapis.com/v1/projects/346416165614:getIamPolicy [none]
[debug] [2025-11-27T05:23:04.017Z] <<< [apiv2][status] POST https://cloudresourcemanager.googleapis.com/v1/projects/346416165614:getIamPolicy 200
[debug] [2025-11-27T05:23:04.017Z] <<< [apiv2][body] POST https://cloudresourcemanager.googleapis.com/v1/projects/346416165614:getIamPolicy {"version":1,"etag":"BwZEjLRrsRk=","bindings":[{"role":"roles/cloudbuild.builds.builder","members":["serviceAccount:346416165614@cloudbuild.gserviceaccount.com"]},{"role":"roles/cloudbuild.serviceAgent","members":["serviceAccount:service-346416165614@gcp-sa-cloudbuild.iam.gserviceaccount.com"]},{"role":"roles/cloudfunctions.serviceAgent","members":["serviceAccount:service-346416165614@gcf-admin-robot.iam.gserviceaccount.com"]},{"role":"roles/containerregistry.ServiceAgent","members":["serviceAccount:service-346416165614@containerregistry.iam.gserviceaccount.com"]},{"role":"roles/editor","members":["serviceAccount:346416165614-compute@developer.gserviceaccount.com","serviceAccount:346416165614@cloudservices.gserviceaccount.com","serviceAccount:daehwajang-7c6a8@appspot.gserviceaccount.com"]},{"role":"roles/firebase.managementServiceAgent","members":["serviceAccount:service-346416165614@gcp-sa-firebase.iam.gserviceaccount.com"]},{"role":"roles/firebase.sdkAdminServiceAgent","members":["serviceAccount:firebase-adminsdk-fbsvc@daehwajang-7c6a8.iam.gserviceaccount.com"]},{"role":"roles/firebaseauth.admin","members":["serviceAccount:firebase-adminsdk-fbsvc@daehwajang-7c6a8.iam.gserviceaccount.com"]},{"role":"roles/firebasemods.serviceAgent","members":["serviceAccount:service-346416165614@gcp-sa-firebasemods.iam.gserviceaccount.com"]},{"role":"roles/firebaserules.system","members":["serviceAccount:service-346416165614@firebase-rules.iam.gserviceaccount.com"]},{"role":"roles/firebasestorage.serviceAgent","members":["serviceAccount:service-346416165614@gcp-sa-firebasestorage.iam.gserviceaccount.com"]},{"role":"roles/firestore.serviceAgent","members":["serviceAccount:service-346416165614@gcp-sa-firestore.iam.gserviceaccount.com"]},{"role":"roles/iam.serviceAccountTokenCreator","members":["serviceAccount:firebase-adminsdk-fbsvc@daehwajang-7c6a8.iam.gserviceaccount.com"]},{"role":"roles/owner","members":["user:cutiefunny@gmail.com"]},{"role":"roles/run.serviceAgent","members":["serviceAccount:service-346416165614@serverless-robot-prod.iam.gserviceaccount.com"]},{"role":"roles/storage.admin","members":["serviceAccount:firebase-adminsdk-fbsvc@daehwajang-7c6a8.iam.gserviceaccount.com"]}]}
[debug] [2025-11-27T05:23:04.018Z] Checked if tokens are valid: true, expires at: 1764224158955
[debug] [2025-11-27T05:23:04.018Z] Checked if tokens are valid: true, expires at: 1764224158955
[debug] [2025-11-27T05:23:04.018Z] >>> [apiv2][query] POST https://cloudresourcemanager.googleapis.com/v1/projects/346416165614:setIamPolicy [none]
[debug] [2025-11-27T05:23:04.018Z] >>> [apiv2][body] POST https://cloudresourcemanager.googleapis.com/v1/projects/346416165614:setIamPolicy {"policy":{"version":1,"etag":"BwZEjLRrsRk=","bindings":[{"role":"roles/cloudbuild.builds.builder","members":["serviceAccount:346416165614@cloudbuild.gserviceaccount.com"]},{"role":"roles/cloudbuild.serviceAgent","members":["serviceAccount:service-346416165614@gcp-sa-cloudbuild.iam.gserviceaccount.com"]},{"role":"roles/cloudfunctions.serviceAgent","members":["serviceAccount:service-346416165614@gcf-admin-robot.iam.gserviceaccount.com"]},{"role":"roles/containerregistry.ServiceAgent","members":["serviceAccount:service-346416165614@containerregistry.iam.gserviceaccount.com"]},{"role":"roles/editor","members":["serviceAccount:346416165614-compute@developer.gserviceaccount.com","serviceAccount:346416165614@cloudservices.gserviceaccount.com","serviceAccount:daehwajang-7c6a8@appspot.gserviceaccount.com"]},{"role":"roles/firebase.managementServiceAgent","members":["serviceAccount:service-346416165614@gcp-sa-firebase.iam.gserviceaccount.com"]},{"role":"roles/firebase.sdkAdminServiceAgent","members":["serviceAccount:firebase-adminsdk-fbsvc@daehwajang-7c6a8.iam.gserviceaccount.com"]},{"role":"roles/firebaseauth.admin","members":["serviceAccount:firebase-adminsdk-fbsvc@daehwajang-7c6a8.iam.gserviceaccount.com"]},{"role":"roles/firebasemods.serviceAgent","members":["serviceAccount:service-346416165614@gcp-sa-firebasemods.iam.gserviceaccount.com"]},{"role":"roles/firebaserules.system","members":["serviceAccount:service-346416165614@firebase-rules.iam.gserviceaccount.com"]},{"role":"roles/firebasestorage.serviceAgent","members":["serviceAccount:service-346416165614@gcp-sa-firebasestorage.iam.gserviceaccount.com"]},{"role":"roles/firestore.serviceAgent","members":["serviceAccount:service-346416165614@gcp-sa-firestore.iam.gserviceaccount.com"]},{"role":"roles/iam.serviceAccountTokenCreator","members":["serviceAccount:firebase-adminsdk-fbsvc@daehwajang-7c6a8.iam.gserviceaccount.com","serviceAccount:service-346416165614@gcp-sa-pubsub.iam.gserviceaccount.com"]},{"role":"roles/owner","members":["user:cutiefunny@gmail.com"]},{"role":"roles/run.serviceAgent","members":["serviceAccount:service-346416165614@serverless-robot-prod.iam.gserviceaccount.com"]},{"role":"roles/storage.admin","members":["serviceAccount:firebase-adminsdk-fbsvc@daehwajang-7c6a8.iam.gserviceaccount.com"]},{"role":"roles/run.invoker","members":["serviceAccount:346416165614-compute@developer.gserviceaccount.com"]},{"role":"roles/eventarc.eventReceiver","members":["serviceAccount:346416165614-compute@developer.gserviceaccount.com"]}]},"updateMask":"bindings"}
[debug] [2025-11-27T05:23:05.099Z] <<< [apiv2][status] POST https://cloudresourcemanager.googleapis.com/v1/projects/346416165614:setIamPolicy 200
[debug] [2025-11-27T05:23:05.099Z] <<< [apiv2][body] POST https://cloudresourcemanager.googleapis.com/v1/projects/346416165614:setIamPolicy {"version":1,"etag":"BwZEjLUfCk0=","bindings":[{"role":"roles/cloudbuild.builds.builder","members":["serviceAccount:346416165614@cloudbuild.gserviceaccount.com"]},{"role":"roles/cloudbuild.serviceAgent","members":["serviceAccount:service-346416165614@gcp-sa-cloudbuild.iam.gserviceaccount.com"]},{"role":"roles/cloudfunctions.serviceAgent","members":["serviceAccount:service-346416165614@gcf-admin-robot.iam.gserviceaccount.com"]},{"role":"roles/containerregistry.ServiceAgent","members":["serviceAccount:service-346416165614@containerregistry.iam.gserviceaccount.com"]},{"role":"roles/editor","members":["serviceAccount:346416165614-compute@developer.gserviceaccount.com","serviceAccount:346416165614@cloudservices.gserviceaccount.com","serviceAccount:daehwajang-7c6a8@appspot.gserviceaccount.com"]},{"role":"roles/eventarc.eventReceiver","members":["serviceAccount:346416165614-compute@developer.gserviceaccount.com"]},{"role":"roles/firebase.managementServiceAgent","members":["serviceAccount:service-346416165614@gcp-sa-firebase.iam.gserviceaccount.com"]},{"role":"roles/firebase.sdkAdminServiceAgent","members":["serviceAccount:firebase-adminsdk-fbsvc@daehwajang-7c6a8.iam.gserviceaccount.com"]},{"role":"roles/firebaseauth.admin","members":["serviceAccount:firebase-adminsdk-fbsvc@daehwajang-7c6a8.iam.gserviceaccount.com"]},{"role":"roles/firebasemods.serviceAgent","members":["serviceAccount:service-346416165614@gcp-sa-firebasemods.iam.gserviceaccount.com"]},{"role":"roles/firebaserules.system","members":["serviceAccount:service-346416165614@firebase-rules.iam.gserviceaccount.com"]},{"role":"roles/firebasestorage.serviceAgent","members":["serviceAccount:service-346416165614@gcp-sa-firebasestorage.iam.gserviceaccount.com"]},{"role":"roles/firestore.serviceAgent","members":["serviceAccount:service-346416165614@gcp-sa-firestore.iam.gserviceaccount.com"]},{"role":"roles/iam.serviceAccountTokenCreator","members":["serviceAccount:firebase-adminsdk-fbsvc@daehwajang-7c6a8.iam.gserviceaccount.com","serviceAccount:service-346416165614@gcp-sa-pubsub.iam.gserviceaccount.com"]},{"role":"roles/owner","members":["user:cutiefunny@gmail.com"]},{"role":"roles/run.invoker","members":["serviceAccount:346416165614-compute@developer.gserviceaccount.com"]},{"role":"roles/run.serviceAgent","members":["serviceAccount:service-346416165614@serverless-robot-prod.iam.gserviceaccount.com"]},{"role":"roles/storage.admin","members":["serviceAccount:firebase-adminsdk-fbsvc@daehwajang-7c6a8.iam.gserviceaccount.com"]}]}
[debug] [2025-11-27T05:23:05.101Z] Checked if tokens are valid: true, expires at: 1764224158955
[debug] [2025-11-27T05:23:05.101Z] Checked if tokens are valid: true, expires at: 1764224158955
[debug] [2025-11-27T05:23:05.101Z] >>> [apiv2][query] GET https://cloudresourcemanager.googleapis.com/v1/projects/daehwajang-7c6a8 [none]
[debug] [2025-11-27T05:23:05.310Z] <<< [apiv2][status] GET https://cloudresourcemanager.googleapis.com/v1/projects/daehwajang-7c6a8 200
[debug] [2025-11-27T05:23:05.310Z] <<< [apiv2][body] GET https://cloudresourcemanager.googleapis.com/v1/projects/daehwajang-7c6a8 {"projectNumber":"346416165614","projectId":"daehwajang-7c6a8","lifecycleState":"ACTIVE","name":"daehwajang","labels":{"firebase":"enabled","firebase-core":"disabled"},"createTime":"2025-11-23T14:18:13.595527Z"}
[debug] [2025-11-27T05:23:05.311Z] Checked if tokens are valid: true, expires at: 1764224158955
[debug] [2025-11-27T05:23:05.311Z] Checked if tokens are valid: true, expires at: 1764224158955
[debug] [2025-11-27T05:23:05.311Z] >>> [apiv2][query] GET https://compute.googleapis.com/compute/v1/projects/346416165614 [none]
[debug] [2025-11-27T05:23:05.618Z] <<< [apiv2][status] GET https://compute.googleapis.com/compute/v1/projects/346416165614 403
[debug] [2025-11-27T05:23:05.618Z] <<< [apiv2][body] GET https://compute.googleapis.com/compute/v1/projects/346416165614 {"error":{"code":403,"message":"Compute Engine API has not been used in project 346416165614 before or it is disabled. Enable it by visiting https://console.developers.google.com/apis/api/compute.googleapis.com/overview?project=346416165614 then retry. If you enabled this API recently, wait a few minutes for the action to propagate to our systems and retry.","errors":[{"message":"Compute Engine API has not been used in project 346416165614 before or it is disabled. Enable it by visiting https://console.developers.google.com/apis/api/compute.googleapis.com/overview?project=346416165614 then retry. If you enabled this API recently, wait a few minutes for the action to propagate to our systems and retry.","domain":"usageLimits","reason":"accessNotConfigured","extendedHelp":"https://console.developers.google.com"}],"status":"PERMISSION_DENIED","details":[{"@type":"type.googleapis.com/google.rpc.ErrorInfo","reason":"SERVICE_DISABLED","domain":"googleapis.com","metadata":{"activationUrl":"https://console.developers.google.com/apis/api/compute.googleapis.com/overview?project=346416165614","service":"compute.googleapis.com","consumer":"projects/346416165614","serviceTitle":"Compute Engine API","containerInfo":"346416165614"}},{"@type":"type.googleapis.com/google.rpc.LocalizedMessage","locale":"en-US","message":"Compute Engine API has not been used in project 346416165614 before or it is disabled. Enable it by visiting https://console.developers.google.com/apis/api/compute.googleapis.com/overview?project=346416165614 then retry. If you enabled this API recently, wait a few minutes for the action to propagate to our systems and retry."},{"@type":"type.googleapis.com/google.rpc.Help","links":[{"description":"Google developers console API activation","url":"https://console.developers.google.com/apis/api/compute.googleapis.com/overview?project=346416165614"}]}]}}
[debug] [2025-11-27T05:23:05.618Z] unable to look up default compute service account. Falling back to 346416165614-compute@developer.gserviceaccount.com. Error: {"name":"FirebaseError","children":[],"context":{"body":{"error":{"code":403,"message":"Compute Engine API has not been used in project 346416165614 before or it is disabled. Enable it by visiting https://console.developers.google.com/apis/api/compute.googleapis.com/overview?project=346416165614 then retry. If you enabled this API recently, wait a few minutes for the action to propagate to our systems and retry.","errors":[{"message":"Compute Engine API has not been used in project 346416165614 before or it is disabled. Enable it by visiting https://console.developers.google.com/apis/api/compute.googleapis.com/overview?project=346416165614 then retry. If you enabled this API recently, wait a few minutes for the action to propagate to our systems and retry.","domain":"usageLimits","reason":"accessNotConfigured","extendedHelp":"https://console.developers.google.com"}],"status":"PERMISSION_DENIED","details":[{"@type":"type.googleapis.com/google.rpc.ErrorInfo","reason":"SERVICE_DISABLED","domain":"googleapis.com","metadata":{"activationUrl":"https://console.developers.google.com/apis/api/compute.googleapis.com/overview?project=346416165614","service":"compute.googleapis.com","consumer":"projects/346416165614","serviceTitle":"Compute Engine API","containerInfo":"346416165614"}},{"@type":"type.googleapis.com/google.rpc.LocalizedMessage","locale":"en-US","message":"Compute Engine API has not been used in project 346416165614 before or it is disabled. Enable it by visiting https://console.developers.google.com/apis/api/compute.googleapis.com/overview?project=346416165614 then retry. If you enabled this API recently, wait a few minutes for the action to propagate to our systems and retry."},{"@type":"type.googleapis.com/google.rpc.Help","links":[{"description":"Google developers console API activation","url":"https://console.developers.google.com/apis/api/compute.googleapis.com/overview?project=346416165614"}]}]}},"response":{"statusCode":403}},"exit":1,"message":"Request to https://compute.googleapis.com/compute/v1/projects/346416165614 had HTTP Error: 403, Compute Engine API has not been used in project 346416165614 before or it is disabled. Enable it by visiting https://console.developers.google.com/apis/api/compute.googleapis.com/overview?project=346416165614 then retry. If you enabled this API recently, wait a few minutes for the action to propagate to our systems and retry.","status":403}
[debug] [2025-11-27T05:23:05.620Z] Checked if tokens are valid: true, expires at: 1764224158955
[debug] [2025-11-27T05:23:05.620Z] Checked if tokens are valid: true, expires at: 1764224158955
[debug] [2025-11-27T05:23:05.620Z] >>> [apiv2][query] GET https://cloudbilling.googleapis.com/v1/projects/daehwajang-7c6a8/billingInfo [none]
[debug] [2025-11-27T05:23:06.219Z] <<< [apiv2][status] GET https://cloudbilling.googleapis.com/v1/projects/daehwajang-7c6a8/billingInfo 200
[debug] [2025-11-27T05:23:06.220Z] <<< [apiv2][body] GET https://cloudbilling.googleapis.com/v1/projects/daehwajang-7c6a8/billingInfo {"name":"projects/daehwajang-7c6a8/billingInfo","projectId":"daehwajang-7c6a8","billingAccountName":"billingAccounts/01F89C-8613B2-49D31D","billingEnabled":true}
[debug] [2025-11-27T05:23:06.222Z] Checked if tokens are valid: true, expires at: 1764224158955
[debug] [2025-11-27T05:23:06.222Z] Checked if tokens are valid: true, expires at: 1764224158955
[debug] [2025-11-27T05:23:06.222Z] >>> [apiv2][query] POST https://cloudfunctions.googleapis.com/v2/projects/daehwajang-7c6a8/locations/us-central1/functions:generateUploadUrl [none]
[debug] [2025-11-27T05:23:08.336Z] <<< [apiv2][status] POST https://cloudfunctions.googleapis.com/v2/projects/daehwajang-7c6a8/locations/us-central1/functions:generateUploadUrl 200
[debug] [2025-11-27T05:23:08.336Z] <<< [apiv2][body] POST https://cloudfunctions.googleapis.com/v2/projects/daehwajang-7c6a8/locations/us-central1/functions:generateUploadUrl {"uploadUrl":"https://storage.googleapis.com/gcf-v2-uploads-346416165614.us-central1.cloudfunctions.appspot.com/d8f26462-1964-49c6-be6c-420c792e26b8.zip?GoogleAccessId=service-346416165614@gcf-admin-robot.iam.gserviceaccount.com&Expires=1764222788&Signature=Bu4%2Bakev%2BOmLxSKgyQLlD20phoGfDN8PzpYovMu%2BagA6lVo616dXglAOiGy4c9Wb49Q0jM9DB8gmNwtlUQvSTTJLGVcW4LnEjyoXfdrWLstRG6W0DdNSig%2Fa8Z37W1j3wR%2B1%2F7xlCm6QXf7k2JDZoU3knx5zumrgVaXHmUUG%2F70ocBK9oTtBEuI9WHQxk1k7aAW4F%2BY4%2F9tJ19cK%2Bt7eGUQmYUDD7ii9lUUbvdADvfdeCFyCYAUlYBa%2BwJIFDJbEPnpsJYZyt7N%2BaSfl9QThZxoNkMmKalLwsGBHhTyOhgGFCtr1EWM3%2BRJIztdRHtdTACtQqvBR0yf7iw2MvcjONA%3D%3D","storageSource":{"bucket":"gcf-v2-uploads-346416165614.us-central1.cloudfunctions.appspot.com","object":"d8f26462-1964-49c6-be6c-420c792e26b8.zip"}}
[debug] [2025-11-27T05:23:08.337Z] >>> [apiv2][query] PUT https://storage.googleapis.com/gcf-v2-uploads-346416165614.us-central1.cloudfunctions.appspot.com/d8f26462-1964-49c6-be6c-420c792e26b8.zip GoogleAccessId=service-346416165614%40gcf-admin-robot.iam.gserviceaccount.com&Expires=1764222788&Signature=Bu4%2Bakev%2BOmLxSKgyQLlD20phoGfDN8PzpYovMu%2BagA6lVo616dXglAOiGy4c9Wb49Q0jM9DB8gmNwtlUQvSTTJLGVcW4LnEjyoXfdrWLstRG6W0DdNSig%2Fa8Z37W1j3wR%2B1%2F7xlCm6QXf7k2JDZoU3knx5zumrgVaXHmUUG%2F70ocBK9oTtBEuI9WHQxk1k7aAW4F%2BY4%2F9tJ19cK%2Bt7eGUQmYUDD7ii9lUUbvdADvfdeCFyCYAUlYBa%2BwJIFDJbEPnpsJYZyt7N%2BaSfl9QThZxoNkMmKalLwsGBHhTyOhgGFCtr1EWM3%2BRJIztdRHtdTACtQqvBR0yf7iw2MvcjONA%3D%3D
[debug] [2025-11-27T05:23:08.337Z] >>> [apiv2][body] PUT https://storage.googleapis.com/gcf-v2-uploads-346416165614.us-central1.cloudfunctions.appspot.com/d8f26462-1964-49c6-be6c-420c792e26b8.zip [stream]
[debug] [2025-11-27T05:23:08.895Z] <<< [apiv2][status] PUT https://storage.googleapis.com/gcf-v2-uploads-346416165614.us-central1.cloudfunctions.appspot.com/d8f26462-1964-49c6-be6c-420c792e26b8.zip 200
[debug] [2025-11-27T05:23:08.895Z] <<< [apiv2][body] PUT https://storage.googleapis.com/gcf-v2-uploads-346416165614.us-central1.cloudfunctions.appspot.com/d8f26462-1964-49c6-be6c-420c792e26b8.zip [omitted]
[info] +  functions: functions source uploaded successfully 
[info] i  functions: creating Node.js 22 (2nd Gen) function sendPushNotification(us-central1)... 
[debug] [2025-11-27T05:23:08.901Z] Checked if tokens are valid: true, expires at: 1764224158955
[debug] [2025-11-27T05:23:08.902Z] Checked if tokens are valid: true, expires at: 1764224158955
[debug] [2025-11-27T05:23:08.902Z] >>> [apiv2][query] POST https://cloudfunctions.googleapis.com/v2/projects/daehwajang-7c6a8/locations/us-central1/functions functionId=sendPushNotification
[debug] [2025-11-27T05:23:08.902Z] >>> [apiv2][body] POST https://cloudfunctions.googleapis.com/v2/projects/daehwajang-7c6a8/locations/us-central1/functions {"name":"projects/daehwajang-7c6a8/locations/us-central1/functions/sendPushNotification","buildConfig":{"runtime":"nodejs22","entryPoint":"sendPushNotification","source":{"storageSource":{"bucket":"gcf-v2-uploads-346416165614.us-central1.cloudfunctions.appspot.com","object":"d8f26462-1964-49c6-be6c-420c792e26b8.zip"}},"environmentVariables":{"GOOGLE_NODE_RUN_SCRIPTS":""}},"serviceConfig":{"environmentVariables":{"FIREBASE_CONFIG":"{\"projectId\":\"daehwajang-7c6a8\",\"storageBucket\":\"daehwajang-7c6a8.firebasestorage.app\"}","GCLOUD_PROJECT":"daehwajang-7c6a8","EVENTARC_CLOUD_EVENT_SOURCE":"projects/daehwajang-7c6a8/locations/us-central1/services/sendPushNotification","FUNCTION_SIGNATURE_TYPE":"cloudevent","FUNCTION_TARGET":"sendPushNotification","LOG_EXECUTION_ID":"true"},"ingressSettings":null,"timeoutSeconds":null,"serviceAccountEmail":null,"availableMemory":"256Mi","minInstanceCount":null,"maxInstanceCount":null,"maxInstanceRequestConcurrency":80,"availableCpu":"1","vpcConnector":null,"vpcConnectorEgressSettings":null},"labels":{"deployment-tool":"cli-firebase","firebase-functions-hash":"c84cef024ee399c53c907c8c5f4668e7d799fd8a"},"eventTrigger":{"eventType":"google.cloud.firestore.document.v1.created","retryPolicy":"RETRY_POLICY_DO_NOT_RETRY","eventFilters":[{"attribute":"database","value":"(default)"},{"attribute":"namespace","value":"(default)"},{"attribute":"document","value":"notifications/{notificationId}","operator":"match-path-pattern"}],"triggerRegion":"asia-northeast3"}}
[debug] [2025-11-27T05:23:26.366Z] <<< [apiv2][status] POST https://cloudfunctions.googleapis.com/v2/projects/daehwajang-7c6a8/locations/us-central1/functions 400
[debug] [2025-11-27T05:23:26.367Z] <<< [apiv2][body] POST https://cloudfunctions.googleapis.com/v2/projects/daehwajang-7c6a8/locations/us-central1/functions {"error":{"code":400,"message":"Validation failed for trigger projects/daehwajang-7c6a8/locations/asia-northeast3/triggers/sendpushnotification-909566: Invalid resource state for \"\": Permission denied while using the Eventarc Service Agent. If you recently started to use Eventarc, it may take a few minutes before all necessary permissions are propagated to the Service Agent. Otherwise, verify that it has Eventarc Service Agent role.","status":"FAILED_PRECONDITION"}}
[warn] !  functions: Request to https://cloudfunctions.googleapis.com/v2/projects/daehwajang-7c6a8/locations/us-central1/functions?functionId=sendPushNotification had HTTP Error: 400, Validation failed for trigger projects/daehwajang-7c6a8/locations/asia-northeast3/triggers/sendpushnotification-909566: Invalid resource state for "": Permission denied while using the Eventarc Service Agent. If you recently started to use Eventarc, it may take a few minutes before all necessary permissions are propagated to the Service Agent. Otherwise, verify that it has Eventarc Service Agent role. 
[warn] !  functions: Since this is your first time using 2nd gen functions, we need a little bit longer to finish setting everything up. Retry the deployment in a few minutes. 
[warn] !  functions:  failed to create function projects/daehwajang-7c6a8/locations/us-central1/functions/sendPushNotification 
[error] Failed to create function projects/daehwajang-7c6a8/locations/us-central1/functions/sendPushNotification
[debug] [2025-11-27T05:23:26.379Z] Total Function Deployment time: 17464
[debug] [2025-11-27T05:23:26.379Z] 1 Functions Deployed
[debug] [2025-11-27T05:23:26.379Z] 1 Functions Errored
[debug] [2025-11-27T05:23:26.379Z] 0 Function Deployments Aborted
[debug] [2025-11-27T05:23:26.380Z] Average Function Deployment time: 17463
[info] 
[info] Functions deploy had errors with the following functions:
	sendPushNotification(us-central1)
[debug] [2025-11-27T05:23:26.589Z] Checked if tokens are valid: true, expires at: 1764224158955
[debug] [2025-11-27T05:23:26.589Z] Checked if tokens are valid: true, expires at: 1764224158955
[debug] [2025-11-27T05:23:26.589Z] >>> [apiv2][query] GET https://artifactregistry.googleapis.com/v1/projects/daehwajang-7c6a8/locations/us-central1/repositories/gcf-artifacts [none]
[debug] [2025-11-27T05:23:27.845Z] <<< [apiv2][status] GET https://artifactregistry.googleapis.com/v1/projects/daehwajang-7c6a8/locations/us-central1/repositories/gcf-artifacts 404
[debug] [2025-11-27T05:23:27.845Z] <<< [apiv2][body] GET https://artifactregistry.googleapis.com/v1/projects/daehwajang-7c6a8/locations/us-central1/repositories/gcf-artifacts {"error":{"code":404,"message":"Requested entity was not found.","status":"NOT_FOUND"}}
[debug] [2025-11-27T05:23:27.845Z] Failed to check artifact cleanup policy for region us-central1: Request to https://artifactregistry.googleapis.com/v1/projects/daehwajang-7c6a8/locations/us-central1/repositories/gcf-artifacts had HTTP Error: 404, Requested entity was not found. {"name":"FirebaseError","children":[],"context":{"body":{"error":{"code":404,"message":"Requested entity was not found.","status":"NOT_FOUND"}},"response":{"statusCode":404}},"exit":1,"message":"Request to https://artifactregistry.googleapis.com/v1/projects/daehwajang-7c6a8/locations/us-central1/repositories/gcf-artifacts had HTTP Error: 404, Requested entity was not found.","status":404}
[debug] [2025-11-27T05:23:27.846Z] Functions deploy failed.
[debug] [2025-11-27T05:23:27.846Z] {
  "endpoint": {
    "id": "sendPushNotification",
    "project": "daehwajang-7c6a8",
    "region": "us-central1",
    "entryPoint": "sendPushNotification",
    "platform": "gcfv2",
    "runtime": "nodejs22",
    "eventTrigger": {
      "eventType": "google.cloud.firestore.document.v1.created",
      "retry": false,
      "eventFilters": {
        "database": "(default)",
        "namespace": "(default)"
      },
      "eventFilterPathPatterns": {
        "document": "notifications/{notificationId}"
      },
      "region": "asia-northeast3"
    },
    "labels": {
      "deployment-tool": "cli-firebase"
    },
    "serviceAccount": null,
    "ingressSettings": null,
    "availableMemoryMb": null,
    "timeoutSeconds": null,
    "maxInstances": null,
    "minInstances": null,
    "concurrency": 80,
    "vpc": null,
    "environmentVariables": {
      "FIREBASE_CONFIG": "{\"projectId\":\"daehwajang-7c6a8\",\"storageBucket\":\"daehwajang-7c6a8.firebasestorage.app\"}",
      "GCLOUD_PROJECT": "daehwajang-7c6a8",
      "EVENTARC_CLOUD_EVENT_SOURCE": "projects/daehwajang-7c6a8/locations/us-central1/services/sendPushNotification"
    },
    "codebase": "default",
    "cpu": 1,
    "targetedByOnly": false,
    "hash": "c84cef024ee399c53c907c8c5f4668e7d799fd8a"
  },
  "op": "create",
  "original": {
    "name": "FirebaseError",
    "children": [],
    "context": {
      "function": "projects/daehwajang-7c6a8/locations/us-central1/functions/sendPushNotification"
    },
    "exit": 1,
    "message": "Failed to create function projects/daehwajang-7c6a8/locations/us-central1/functions/sendPushNotification",
    "original": {
      "name": "FirebaseError",
      "children": [],
      "context": {
        "body": {
          "error": {
            "code": 400,
            "message": "Validation failed for trigger projects/daehwajang-7c6a8/locations/asia-northeast3/triggers/sendpushnotification-909566: Invalid resource state for \"\": Permission denied while using the Eventarc Service Agent. If you recently started to use Eventarc, it may take a few minutes before all necessary permissions are propagated to the Service Agent. Otherwise, verify that it has Eventarc Service Agent role.",
            "status": "FAILED_PRECONDITION"
          }
        },
        "response": {
          "statusCode": 400
        }
      },
      "exit": 1,
      "message": "Request to https://cloudfunctions.googleapis.com/v2/projects/daehwajang-7c6a8/locations/us-central1/functions?functionId=sendPushNotification had HTTP Error: 400, Validation failed for trigger projects/daehwajang-7c6a8/locations/asia-northeast3/triggers/sendpushnotification-909566: Invalid resource state for \"\": Permission denied while using the Eventarc Service Agent. If you recently started to use Eventarc, it may take a few minutes before all necessary permissions are propagated to the Service Agent. Otherwise, verify that it has Eventarc Service Agent role.",
      "status": 400
    },
    "status": 400,
    "code": 400
  }
}
[debug] [2025-11-27T05:23:27.929Z] Error: Failed to create function sendPushNotification in region us-central1
    at C:\Users\USER\AppData\Roaming\npm\node_modules\firebase-tools\lib\deploy\functions\release\fabricator.js:306:27
    at process.processTicksAndRejections (node:internal/process/task_queues:105:5)
    at async Fabricator.createV2Function (C:\Users\USER\AppData\Roaming\npm\node_modules\firebase-tools\lib\deploy\functions\release\fabricator.js:290:30)
    at async Fabricator.createEndpoint (C:\Users\USER\AppData\Roaming\npm\node_modules\firebase-tools\lib\deploy\functions\release\fabricator.js:137:13)
    at async handle (C:\Users\USER\AppData\Roaming\npm\node_modules\firebase-tools\lib\deploy\functions\release\fabricator.js:89:17)
[error] 
[error] Error: There was an error deploying functions
